// Jest Snapshot v1, https://goo.gl/fbAQLP

exports[`FrontendWebAppDeployStack Testing Should match snapshot 1`] = `
Object {
  "Mappings": Object {
    "AWSCloudFrontPartitionHostedZoneIdMap": Object {
      "aws": Object {
        "zoneId": "Z2FDTNDATAQYW2",
      },
      "aws-cn": Object {
        "zoneId": "Z3RFFRIM2A3IF5",
      },
    },
  },
  "Parameters": Object {
    "BootstrapVersion": Object {
      "Default": "/cdk-bootstrap/hnb659fds/version",
      "Description": "Version of the CDK Bootstrap resources in this environment, automatically retrieved from SSM Parameter Store. [cdk:skip]",
      "Type": "AWS::SSM::Parameter::Value<String>",
    },
  },
  "Resources": Object {
    "Certificate4E7ABB08": Object {
      "Properties": Object {
        "DomainName": "example.com",
        "DomainValidationOptions": Array [
          Object {
            "DomainName": "example.com",
            "HostedZoneId": "Z0000000000000000000Q",
          },
        ],
        "Tags": Array [
          Object {
            "Key": "Name",
            "Value": "FrontendWebAppDeployStack/Certificate",
          },
        ],
        "ValidationMethod": "DNS",
      },
      "Type": "AWS::CertificateManager::Certificate",
    },
    "CustomCDKBucketDeployment8693BB64968944B69AAFB0CC9EB8756C81C01536": Object {
      "DependsOn": Array [
        "CustomCDKBucketDeployment8693BB64968944B69AAFB0CC9EB8756CServiceRoleDefaultPolicy88902FDF",
        "CustomCDKBucketDeployment8693BB64968944B69AAFB0CC9EB8756CServiceRole89A01265",
      ],
      "Properties": Object {
        "Code": Object {
          "S3Bucket": "cdk-hnb659fds-assets-012345678901-us-east-1",
          "S3Key": "HASH.zip",
        },
        "Handler": "index.handler",
        "Layers": Array [
          Object {
            "Ref": "DeployWithInvalidationAwsCliLayerDEDD5787",
          },
        ],
        "Role": Object {
          "Fn::GetAtt": Array [
            "CustomCDKBucketDeployment8693BB64968944B69AAFB0CC9EB8756CServiceRole89A01265",
            "Arn",
          ],
        },
        "Runtime": "python3.9",
        "Timeout": 900,
      },
      "Type": "AWS::Lambda::Function",
    },
    "CustomCDKBucketDeployment8693BB64968944B69AAFB0CC9EB8756CServiceRole89A01265": Object {
      "Properties": Object {
        "AssumeRolePolicyDocument": Object {
          "Statement": Array [
            Object {
              "Action": "sts:AssumeRole",
              "Effect": "Allow",
              "Principal": Object {
                "Service": "lambda.amazonaws.com",
              },
            },
          ],
          "Version": "2012-10-17",
        },
        "ManagedPolicyArns": Array [
          Object {
            "Fn::Join": Array [
              "",
              Array [
                "arn:",
                Object {
                  "Ref": "AWS::Partition",
                },
                ":iam::aws:policy/service-role/AWSLambdaBasicExecutionRole",
              ],
            ],
          },
        ],
      },
      "Type": "AWS::IAM::Role",
    },
    "CustomCDKBucketDeployment8693BB64968944B69AAFB0CC9EB8756CServiceRoleDefaultPolicy88902FDF": Object {
      "Properties": Object {
        "PolicyDocument": Object {
          "Statement": Array [
            Object {
              "Action": Array [
                "s3:GetObject*",
                "s3:GetBucket*",
                "s3:List*",
              ],
              "Effect": "Allow",
              "Resource": Array [
                Object {
                  "Fn::Join": Array [
                    "",
                    Array [
                      "arn:",
                      Object {
                        "Ref": "AWS::Partition",
                      },
                      ":s3:::cdk-hnb659fds-assets-012345678901-us-east-1",
                    ],
                  ],
                },
                Object {
                  "Fn::Join": Array [
                    "",
                    Array [
                      "arn:",
                      Object {
                        "Ref": "AWS::Partition",
                      },
                      ":s3:::cdk-hnb659fds-assets-012345678901-us-east-1/*",
                    ],
                  ],
                },
              ],
            },
            Object {
              "Action": Array [
                "s3:GetObject*",
                "s3:GetBucket*",
                "s3:List*",
                "s3:DeleteObject*",
                "s3:PutObject",
                "s3:PutObjectLegalHold",
                "s3:PutObjectRetention",
                "s3:PutObjectTagging",
                "s3:PutObjectVersionTagging",
                "s3:Abort*",
              ],
              "Effect": "Allow",
              "Resource": Array [
                Object {
                  "Fn::GetAtt": Array [
                    "SecureCloudFrontOriginBucket152632A1",
                    "Arn",
                  ],
                },
                Object {
                  "Fn::Join": Array [
                    "",
                    Array [
                      Object {
                        "Fn::GetAtt": Array [
                          "SecureCloudFrontOriginBucket152632A1",
                          "Arn",
                        ],
                      },
                      "/*",
                    ],
                  ],
                },
              ],
            },
            Object {
              "Action": Array [
                "cloudfront:GetInvalidation",
                "cloudfront:CreateInvalidation",
              ],
              "Effect": "Allow",
              "Resource": "*",
            },
          ],
          "Version": "2012-10-17",
        },
        "PolicyName": "CustomCDKBucketDeployment8693BB64968944B69AAFB0CC9EB8756CServiceRoleDefaultPolicy88902FDF",
        "Roles": Array [
          Object {
            "Ref": "CustomCDKBucketDeployment8693BB64968944B69AAFB0CC9EB8756CServiceRole89A01265",
          },
        ],
      },
      "Type": "AWS::IAM::Policy",
    },
    "DNSARecord1B875602": Object {
      "Properties": Object {
        "AliasTarget": Object {
          "DNSName": Object {
            "Fn::GetAtt": Array [
              "SecureFrontendWebAppCloudFrontDistributionFBE118EA",
              "DomainName",
            ],
          },
          "HostedZoneId": Object {
            "Fn::FindInMap": Array [
              "AWSCloudFrontPartitionHostedZoneIdMap",
              Object {
                "Ref": "AWS::Partition",
              },
              "zoneId",
            ],
          },
        },
        "HostedZoneId": "Z0000000000000000000Q",
        "Name": "example.com.",
        "Type": "A",
      },
      "Type": "AWS::Route53::RecordSet",
    },
    "DeployWithInvalidationAwsCliLayerDEDD5787": Object {
      "Properties": Object {
        "Content": Object {
          "S3Bucket": "cdk-hnb659fds-assets-012345678901-us-east-1",
          "S3Key": "HASH.zip",
        },
        "Description": "/opt/awscli/aws",
      },
      "Type": "AWS::Lambda::LayerVersion",
    },
    "DeployWithInvalidationCustomResourceE3FF7455": Object {
      "DeletionPolicy": "Delete",
      "Properties": Object {
        "DestinationBucketName": Object {
          "Ref": "SecureCloudFrontOriginBucket152632A1",
        },
        "DistributionId": Object {
          "Ref": "SecureFrontendWebAppCloudFrontDistributionFBE118EA",
        },
        "DistributionPaths": Array [
          "/*",
        ],
        "Prune": true,
        "ServiceToken": Object {
          "Fn::GetAtt": Array [
            "CustomCDKBucketDeployment8693BB64968944B69AAFB0CC9EB8756C81C01536",
            "Arn",
          ],
        },
        "SourceBucketNames": Array [
          "cdk-hnb659fds-assets-012345678901-us-east-1",
        ],
        "SourceObjectKeys": Array [
          "HASH.zip",
        ],
      },
      "Type": "Custom::CDKBucketDeployment",
      "UpdateReplacePolicy": "Delete",
    },
    "OriginAccessIdentityDF1E3CAC": Object {
      "Properties": Object {
        "CloudFrontOriginAccessIdentityConfig": Object {
          "Comment": "Allows CloudFront to reach the bucket",
        },
      },
      "Type": "AWS::CloudFront::CloudFrontOriginAccessIdentity",
    },
    "ResponseHeadersPolicy13DBF9E0": Object {
      "Properties": Object {
        "ResponseHeadersPolicyConfig": Object {
          "Comment": "A default policy",
          "CustomHeadersConfig": Object {
            "Items": Array [
              Object {
                "Header": "Cache-Control",
                "Override": true,
                "Value": "no-cache, no-store, private",
              },
              Object {
                "Header": "pragma",
                "Override": true,
                "Value": "no-cache",
              },
            ],
          },
          "Name": "FrontendWebAppDeployStackResponseHeadersPolicy70756A2F",
          "SecurityHeadersConfig": Object {
            "ContentTypeOptions": Object {
              "Override": true,
            },
            "FrameOptions": Object {
              "FrameOption": "SAMEORIGIN",
              "Override": true,
            },
            "ReferrerPolicy": Object {
              "Override": true,
              "ReferrerPolicy": "strict-origin-when-cross-origin",
            },
            "StrictTransportSecurity": Object {
              "AccessControlMaxAgeSec": 31536000,
              "IncludeSubdomains": true,
              "Override": true,
              "Preload": true,
            },
            "XSSProtection": Object {
              "ModeBlock": true,
              "Override": true,
              "Protection": true,
            },
          },
        },
      },
      "Type": "AWS::CloudFront::ResponseHeadersPolicy",
    },
    "SecureCloudFrontOriginBucket152632A1": Object {
      "DeletionPolicy": "Retain",
      "Properties": Object {
        "AccessControl": "Private",
        "BucketEncryption": Object {
          "ServerSideEncryptionConfiguration": Array [
            Object {
              "ServerSideEncryptionByDefault": Object {
                "SSEAlgorithm": "AES256",
              },
            },
          ],
        },
        "BucketName": "frontend-web-app-example-origin-bucket",
        "PublicAccessBlockConfiguration": Object {
          "BlockPublicAcls": true,
          "BlockPublicPolicy": true,
          "IgnorePublicAcls": true,
          "RestrictPublicBuckets": true,
        },
        "Tags": Array [
          Object {
            "Key": "aws-cdk:cr-owned:d794ec86",
            "Value": "true",
          },
        ],
        "VersioningConfiguration": Object {
          "Status": "Enabled",
        },
      },
      "Type": "AWS::S3::Bucket",
      "UpdateReplacePolicy": "Retain",
    },
    "SecureCloudFrontOriginBucketPolicy8A0340C6": Object {
      "Properties": Object {
        "Bucket": Object {
          "Ref": "SecureCloudFrontOriginBucket152632A1",
        },
        "PolicyDocument": Object {
          "Statement": Array [
            Object {
              "Action": "s3:*",
              "Condition": Object {
                "Bool": Object {
                  "aws:SecureTransport": "false",
                },
              },
              "Effect": "Deny",
              "Principal": Object {
                "AWS": "*",
              },
              "Resource": Array [
                Object {
                  "Fn::GetAtt": Array [
                    "SecureCloudFrontOriginBucket152632A1",
                    "Arn",
                  ],
                },
                Object {
                  "Fn::Join": Array [
                    "",
                    Array [
                      Object {
                        "Fn::GetAtt": Array [
                          "SecureCloudFrontOriginBucket152632A1",
                          "Arn",
                        ],
                      },
                      "/*",
                    ],
                  ],
                },
              ],
            },
            Object {
              "Action": "s3:GetObject",
              "Effect": "Allow",
              "Principal": Object {
                "CanonicalUser": Object {
                  "Fn::GetAtt": Array [
                    "OriginAccessIdentityDF1E3CAC",
                    "S3CanonicalUserId",
                  ],
                },
              },
              "Resource": Object {
                "Fn::Join": Array [
                  "",
                  Array [
                    Object {
                      "Fn::GetAtt": Array [
                        "SecureCloudFrontOriginBucket152632A1",
                        "Arn",
                      ],
                    },
                    "/*",
                  ],
                ],
              },
            },
          ],
          "Version": "2012-10-17",
        },
      },
      "Type": "AWS::S3::BucketPolicy",
    },
    "SecureFrontendWebAppCloudFrontDistributionFBE118EA": Object {
      "Properties": Object {
        "DistributionConfig": Object {
          "Aliases": Array [
            "example.com",
          ],
          "Comment": "frontend web app distribution.",
          "CustomErrorResponses": Array [
            Object {
              "ErrorCachingMinTTL": 300,
              "ErrorCode": 403,
              "ResponseCode": 200,
              "ResponsePagePath": "/index.html",
            },
            Object {
              "ErrorCachingMinTTL": 300,
              "ErrorCode": 404,
              "ResponseCode": 200,
              "ResponsePagePath": "/index.html",
            },
          ],
          "DefaultCacheBehavior": Object {
            "AllowedMethods": Array [
              "GET",
              "HEAD",
              "OPTIONS",
            ],
            "CachePolicyId": "658327ea-f89d-4fab-a63d-7e88639e58f6",
            "CachedMethods": Array [
              "GET",
              "HEAD",
              "OPTIONS",
            ],
            "Compress": true,
            "ResponseHeadersPolicyId": Object {
              "Ref": "ResponseHeadersPolicy13DBF9E0",
            },
            "TargetOriginId": "FrontendWebAppDeployStackSecureFrontendWebAppCloudFrontDistributionOrigin18253E717",
            "ViewerProtocolPolicy": "https-only",
          },
          "DefaultRootObject": "index.html",
          "Enabled": true,
          "HttpVersion": "http2and3",
          "IPV6Enabled": true,
          "Logging": Object {
            "Bucket": Object {
              "Fn::Join": Array [
                "",
                Array [
                  "frontend-web-app-example-access-log-bucket.s3.us-east-1.",
                  Object {
                    "Ref": "AWS::URLSuffix",
                  },
                ],
              ],
            },
            "Prefix": "example.com/",
          },
          "Origins": Array [
            Object {
              "DomainName": Object {
                "Fn::GetAtt": Array [
                  "SecureCloudFrontOriginBucket152632A1",
                  "RegionalDomainName",
                ],
              },
              "Id": "FrontendWebAppDeployStackSecureFrontendWebAppCloudFrontDistributionOrigin18253E717",
              "S3OriginConfig": Object {
                "OriginAccessIdentity": Object {
                  "Fn::Join": Array [
                    "",
                    Array [
                      "origin-access-identity/cloudfront/",
                      Object {
                        "Ref": "OriginAccessIdentityDF1E3CAC",
                      },
                    ],
                  ],
                },
              },
            },
          ],
          "PriceClass": "PriceClass_All",
          "ViewerCertificate": Object {
            "AcmCertificateArn": Object {
              "Ref": "Certificate4E7ABB08",
            },
            "MinimumProtocolVersion": "TLSv1.2_2021",
            "SslSupportMethod": "sni-only",
          },
        },
      },
      "Type": "AWS::CloudFront::Distribution",
    },
  },
  "Rules": Object {
    "CheckBootstrapVersion": Object {
      "Assertions": Array [
        Object {
          "Assert": Object {
            "Fn::Not": Array [
              Object {
                "Fn::Contains": Array [
                  Array [
                    "1",
                    "2",
                    "3",
                    "4",
                    "5",
                  ],
                  Object {
                    "Ref": "BootstrapVersion",
                  },
                ],
              },
            ],
          },
          "AssertDescription": "CDK bootstrap stack version 6 required. Please run 'cdk bootstrap' with a recent version of the CDK CLI.",
        },
      ],
    },
  },
}
`;
